// Jest Snapshot v1, https://goo.gl/fbAQLP

exports[`Login form component matches snapshot 1`] = `
Array [
  <nav
    className="header"
  >
    <div
      className="header__username"
    />
    <a
      className="header__nav-link"
      href="/"
      onClick={[Function]}
    >
      Home
    </a>
    <a
      className="header__nav-link"
      href="/account"
      onClick={[Function]}
    >
      Account
    </a>
    <a
      className="header__nav-link"
      href="/login"
      onClick={[Function]}
    >
      Login
    </a>
  </nav>,
  <p
    className="login__title"
  >
    Please enter your details below to
  </p>,
  <div
    className="container"
  >
    <form
      className="login__form"
      onSubmit={[Function]}
    >
      <label
        htmlFor="username"
      >
        Username
      </label>
      <input
        id="username"
        onChange={[Function]}
      />
      <label
        htmlFor="email"
      >
        Email
      </label>
      <input
        id="email"
        onChange={[Function]}
      />
      <label
        htmlFor="password"
      >
        Password
          
        <button
          onClick={[Function]}
          type="button"
        >
          Show 
          Password
        </button>
      </label>
      <input
        id="password"
        onChange={[Function]}
        type="password"
      />
      <button
        className="login__form-button"
        type="submit"
      >
        Login
      </button>
    </form>
  </div>,
  <div
    className="container"
  >
    <label
      htmlFor="hashPassword"
    >
      Password Hash Generator
    </label>
    <input
      id="hashPassword"
      onChange={[Function]}
      type="text"
    />
    <div>
      Hashed Password: 
      
    </div>
  </div>,
]
`;
